// Jest Snapshot v1, https://goo.gl/fbAQLP

exports[`Layout renders children correctly 1`] = `
<div>
  <div>
    <div
      role="navigation"
    >
      <a
        href="/about"
        onClick={[Function]}
      >
        About
      </a>
      <a
        href="/contact"
        onClick={[Function]}
      >
        Contact
      </a>
      <span>
         | 
      </span>
      <a
        href="/login"
        onClick={[Function]}
      >
        Log in
      </a>
      <span>
        or
      </span>
      <a
        href="/register"
        onClick={[Function]}
      >
        Sign up
      </a>
    </div>
    <a
      href="/"
      onClick={[Function]}
    >
      <span>
        Example nav link
      </span>
    </a>
    <div>
      <h1>
        HEADER
      </h1>
    </div>
  </div>
  <div
    className="child"
  />
  <div>
    <h2>
      Footer
    </h2>
    <div>
      <span>
        © Your Company
      </span>
      <span>
        ·
      </span>
      <a
        href="/"
        onClick={[Function]}
      >
        Home
      </a>
      <span>
        ·
      </span>
      <a
        href="/admin"
        onClick={[Function]}
      >
        Admin
      </a>
      <span>
        ·
      </span>
      <a
        href="/privacy"
        onClick={[Function]}
      >
        Privacy
      </a>
      <span>
        ·
      </span>
      <a
        href="/not-found"
        onClick={[Function]}
      >
        Not Found
      </a>
    </div>
  </div>
</div>
`;
